// Jest Snapshot v1, https://goo.gl/fbAQLP

exports[`it works 1`] = `
Object {
  "asFragment": [Function],
  "baseElement": <body>
    <div>
      <nav>
        <div
          class="nav_container"
        >
          <div
            class="image_container"
          >
            <img
              alt="header logo"
              src="space_travelers.png"
            />
            <h1>
              Space Travlers' Hub
            </h1>
          </div>
          <ul
            class="nav_links"
          >
            <a
              href="/"
            >
              <li
                class="page_links"
              >
                Rockets
              </li>
            </a>
            <a
              href="/Missions"
            >
              <li
                class="page_links"
              >
                Missions
              </li>
            </a>
            <div
              class="line_end"
            />
            <a
              href="/MyProfile"
            >
              <li
                class="page_links"
              >
                My profile
              </li>
            </a>
          </ul>
        </div>
        <div
          class="nav_end"
        />
      </nav>
    </div>
  </body>,
  "container": <div>
    <nav>
      <div
        class="nav_container"
      >
        <div
          class="image_container"
        >
          <img
            alt="header logo"
            src="space_travelers.png"
          />
          <h1>
            Space Travlers' Hub
          </h1>
        </div>
        <ul
          class="nav_links"
        >
          <a
            href="/"
          >
            <li
              class="page_links"
            >
              Rockets
            </li>
          </a>
          <a
            href="/Missions"
          >
            <li
              class="page_links"
            >
              Missions
            </li>
          </a>
          <div
            class="line_end"
          />
          <a
            href="/MyProfile"
          >
            <li
              class="page_links"
            >
              My profile
            </li>
          </a>
        </ul>
      </div>
      <div
        class="nav_end"
      />
    </nav>
  </div>,
  "debug": [Function],
  "findAllByAltText": [Function],
  "findAllByDisplayValue": [Function],
  "findAllByLabelText": [Function],
  "findAllByPlaceholderText": [Function],
  "findAllByRole": [Function],
  "findAllByTestId": [Function],
  "findAllByText": [Function],
  "findAllByTitle": [Function],
  "findByAltText": [Function],
  "findByDisplayValue": [Function],
  "findByLabelText": [Function],
  "findByPlaceholderText": [Function],
  "findByRole": [Function],
  "findByTestId": [Function],
  "findByText": [Function],
  "findByTitle": [Function],
  "getAllByAltText": [Function],
  "getAllByDisplayValue": [Function],
  "getAllByLabelText": [Function],
  "getAllByPlaceholderText": [Function],
  "getAllByRole": [Function],
  "getAllByTestId": [Function],
  "getAllByText": [Function],
  "getAllByTitle": [Function],
  "getByAltText": [Function],
  "getByDisplayValue": [Function],
  "getByLabelText": [Function],
  "getByPlaceholderText": [Function],
  "getByRole": [Function],
  "getByTestId": [Function],
  "getByText": [Function],
  "getByTitle": [Function],
  "queryAllByAltText": [Function],
  "queryAllByDisplayValue": [Function],
  "queryAllByLabelText": [Function],
  "queryAllByPlaceholderText": [Function],
  "queryAllByRole": [Function],
  "queryAllByTestId": [Function],
  "queryAllByText": [Function],
  "queryAllByTitle": [Function],
  "queryByAltText": [Function],
  "queryByDisplayValue": [Function],
  "queryByLabelText": [Function],
  "queryByPlaceholderText": [Function],
  "queryByRole": [Function],
  "queryByTestId": [Function],
  "queryByText": [Function],
  "queryByTitle": [Function],
  "rerender": [Function],
  "unmount": [Function],
}
`;
